exports[`ReactDown should render markdown 1`] = `
<div>
  <h1>
    Hello, ReactDown!
  </h1>
  <p>
    This is 
    <em>
      only
    </em>
     a 
    <strong>
      test
    </strong>
    !
  </p>
</div>
`;
